pages/Volunteers.tsx(7,65): error TS2307: Cannot find module '../../types' or its corresponding type declarations.
services/translations.ts(212,5): error TS1117: An object literal cannot have multiple properties with the same name.
